DROP TABLE IF EXISTS x;
NOTICE:  table "x" does not exist, skipping
DROP TABLE IF EXISTS y;
NOTICE:  table "y" does not exist, skipping
CREATE TABLE x(a INT, b text, c text, PRIMARY KEY (a, b)) USING nram;
CREATE TABLE y(a INT, b text, PRIMARY KEY (a)) USING nram;
-- Test insert and table scan.
INSERT INTO x VALUES (1, 'k1', 'v1');
SELECT * from x;
 a | b  | c  
---+----+----
 1 | k1 | v1
(1 row)

INSERT INTO x VALUES (2, 'k2', 'v2');
SELECT * from x;
 a | b  | c  
---+----+----
 1 | k1 | v1
 2 | k2 | v2
(2 rows)

-- Test different tables.
INSERT INTO y VALUES (1, 'z1');
INSERT INTO y VALUES (2, 'z2');
SELECT * from x;
 a | b  | c  
---+----+----
 1 | k1 | v1
 2 | k2 | v2
(2 rows)

SELECT * from y;
 a | b  
---+----
 1 | z1
 2 | z2
(2 rows)

-- Drop all.
DROP TABLE x;
DROP TABLE y;
